// Jest Snapshot v1, https://goo.gl/fbAQLP

exports[`character details snapshot 1`] = `
<div>
  <figure>
    <img
      alt="test-name"
      src="test-image"
    />
    <figcaption>
      <h3>
        test-name
      </h3>
      <p>
        test-species
      </p>
      <p>
        Status: 
        test-status
      </p>
    </figcaption>
  </figure>
</div>
`;
